To honour the JVM settings for this build a single-use Daemon process will be forked. For more on this, please refer to https://docs.gradle.org/9.6.1/userguide/gradle_daemon.html#sec:disabling_the_daemon in the Gradle documentation.
Daemon will be stopped at the end of the build 
> Task :processResources NO-SOURCE
> Task :XStreamPlus:processResources NO-SOURCE
> Task :GuiHelper:processResources NO-SOURCE
> Task :processTestResources NO-SOURCE
> Task :SpecsUtils:compileJava UP-TO-DATE
> Task :SpecsUtils:processResources UP-TO-DATE
> Task :SpecsUtils:classes UP-TO-DATE
> Task :SpecsUtils:jar UP-TO-DATE
> Task :XStreamPlus:compileJava UP-TO-DATE
> Task :XStreamPlus:classes UP-TO-DATE
> Task :XStreamPlus:jar UP-TO-DATE
> Task :GuiHelper:compileJava UP-TO-DATE
> Task :GuiHelper:classes UP-TO-DATE
> Task :GuiHelper:jar UP-TO-DATE
> Task :compileJava UP-TO-DATE
> Task :classes UP-TO-DATE
> Task :compileTestJava UP-TO-DATE
> Task :testClasses UP-TO-DATE
> Task :test

BUILD SUCCESSFUL in 9s
10 actionable tasks: 1 executed, 9 up-to-date
Consider enabling configuration cache to speed up this build: https://docs.gradle.org/9.6.1/userguide/configuration_cache_enabling.html
